c:\users\user\desktop\kursovaya\app\app\x64\debug\vc143.pdb
c:\users\user\desktop\kursovaya\app\app\x64\debug\vc143.idb
c:\users\user\desktop\kursovaya\app\app\x64\debug\user.obj
c:\users\user\desktop\kursovaya\app\app\x64\debug\requestservice.obj
c:\users\user\desktop\kursovaya\app\app\x64\debug\pguserrepository.obj
c:\users\user\desktop\kursovaya\app\app\x64\debug\main.obj
c:\users\user\desktop\kursovaya\app\app\x64\debug\pgcourserepository.obj
c:\users\user\desktop\kursovaya\app\app\x64\debug\courseservice.obj
c:\users\user\desktop\kursovaya\app\app\x64\debug\course.obj
c:\users\user\desktop\kursovaya\app\app\x64\debug\consoleui.obj
c:\users\user\desktop\kursovaya\app\app\x64\debug\authenticationservice.obj
c:\users\user\desktop\kursovaya\app\app\x64\debug\request.obj
c:\users\user\desktop\kursovaya\app\x64\debug\app.exe
c:\users\user\desktop\kursovaya\app\x64\debug\app.pdb
c:\users\user\desktop\kursovaya\app\app\x64\debug\app.ilk
c:\users\user\desktop\kursovaya\app\app\x64\debug\app.tlog\cl.command.1.tlog
c:\users\user\desktop\kursovaya\app\app\x64\debug\app.tlog\cl.items.tlog
c:\users\user\desktop\kursovaya\app\app\x64\debug\app.tlog\cl.read.1.tlog
c:\users\user\desktop\kursovaya\app\app\x64\debug\app.tlog\cl.write.1.tlog
c:\users\user\desktop\kursovaya\app\app\x64\debug\app.tlog\link.command.1.tlog
c:\users\user\desktop\kursovaya\app\app\x64\debug\app.tlog\link.read.1.tlog
c:\users\user\desktop\kursovaya\app\app\x64\debug\app.tlog\link.secondary.1.tlog
c:\users\user\desktop\kursovaya\app\app\x64\debug\app.tlog\link.write.1.tlog
